--------------------------------------------------------------------------------------
Timing Analyzer Summary
--------------------------------------------------------------------------------------

Type           : Worst-case tco
Slack          : N/A
Required Time  : None
Actual Time    : 25.464 ns
From           : decoding:qzbj|Aluctr[2]
To             : AluF[0]
From Clock     : clk
To Clock       : --
Failed Paths   : 0

Type           : Clock Setup: 'clk'
Slack          : N/A
Required Time  : None
Actual Time    : 44.30 MHz ( period = 22.574 ns )
From           : decoding:qzbj|RegDst
To             : dataroad:dataroadbj|Reg:regs|regs~82
From Clock     : clk
To Clock       : clk
Failed Paths   : 0

Type           : Clock Hold: 'clk'
Slack          : Not operational: Clock Skew > Data Delay
Required Time  : None
Actual Time    : N/A
From           : dataroad:dataroadbj|fetchins:fetch|pc[1]
To             : decoding:qzbj|Aluctr[1]
From Clock     : clk
To Clock       : clk
Failed Paths   : 40

Type           : Total number of failed paths
Slack          : 
Required Time  : 
Actual Time    : 
From           : 
To             : 
From Clock     : 
To Clock       : 
Failed Paths   : 40

--------------------------------------------------------------------------------------

